#
# There is insufficient memory for the Java Runtime Environment to continue.
# Native memory allocation (malloc) failed to allocate 1489296 bytes. Error detail: Chunk::new
# Possible reasons:
#   The system is out of physical RAM or swap space
#   This process is running with CompressedOops enabled, and the Java Heap may be blocking the growth of the native heap
# Possible solutions:
#   Reduce memory load on the system
#   Increase physical memory or swap space
#   Check if swap backing store is full
#   Decrease Java heap size (-Xmx/-Xms)
#   Decrease number of Java threads
#   Decrease Java thread stack sizes (-Xss)
#   Set larger code cache with -XX:ReservedCodeCacheSize=
#   JVM is running with Unscaled Compressed Oops mode in which the Java heap is
#     placed in the first 4GB address space. The Java Heap base address is the
#     maximum limit for the native heap growth. Please use -XX:HeapBaseMinAddress
#     to set the Java Heap base and to place the Java Heap above 4GB virtual address.
# This output file may be truncated or incomplete.
#
#  Out of Memory Error (arena.cpp:168), pid=12496, tid=5716
#
# JRE version: OpenJDK Runtime Environment Temurin-21.0.8+9 (21.0.8+9) (build 21.0.8+9-LTS)
# Java VM: OpenJDK 64-Bit Server VM Temurin-21.0.8+9 (21.0.8+9-LTS, mixed mode, sharing, tiered, compressed oops, compressed class ptrs, parallel gc, windows-amd64)
# No core dump will be written. Minidumps are not enabled by default on client versions of Windows
#

---------------  S U M M A R Y ------------

Command Line: --add-modules=ALL-SYSTEM --add-opens=java.base/java.util=ALL-UNNAMED --add-opens=java.base/java.lang=ALL-UNNAMED --add-opens=java.base/sun.nio.fs=ALL-UNNAMED -Declipse.application=org.eclipse.jdt.ls.core.id1 -Dosgi.bundles.defaultStartLevel=4 -Declipse.product=org.eclipse.jdt.ls.core.product -Djava.import.generatesMetadataFilesAtProjectRoot=false -DDetectVMInstallationsJob.disabled=true -Dfile.encoding=utf8 -XX:+UseParallelGC -XX:GCTimeRatio=4 -XX:AdaptiveSizePolicyWeight=90 -Dsun.zip.disableMemoryMapping=true -Xmx2G -Xms100m -Xlog:disable -javaagent:c:\Users\LOQ\.vscode\extensions\redhat.java-1.47.0-win32-x64\lombok\lombok-1.18.39-4050.jar c:\Users\LOQ\.vscode\extensions\redhat.java-1.47.0-win32-x64\server\plugins\org.eclipse.equinox.launcher_1.7.100.v20251014-1222.jar -configuration c:\Users\LOQ\AppData\Roaming\Code\User\globalStorage\redhat.java\1.47.0\config_ss_win -data c:\Users\LOQ\AppData\Roaming\Code\User\workspaceStorage\a7a39547a06a3b6109950431f82cb49c\redhat.java\ss_ws --pipe=\\.\pipe\lsp-08d121d5b5051daf2bc1a99216d9d687-sock

Host: AMD Ryzen 5 7235HS                             , 8 cores, 11G,  Windows 11 , 64 bit Build 26100 (10.0.26100.6725)
Time: Thu Nov 13 15:00:20 2025 Sri Lanka Standard Time elapsed time: 35.120530 seconds (0d 0h 0m 35s)

---------------  T H R E A D  ---------------

Current thread (0x000001e27bdd3860):  JavaThread "C2 CompilerThread2" daemon [_thread_in_native, id=5716, stack(0x0000001bdf000000,0x0000001bdf100000) (1024K)]


Current CompileTask:
C2:35120 10803   !   4       lombok.eclipse.agent.PatchExtensionMethod::resolveType (870 bytes)

Stack: [0x0000001bdf000000,0x0000001bdf100000]
Native frames: (J=compiled Java code, j=interpreted, Vv=VM code, C=native code)
V  [jvm.dll+0x6d2449]
V  [jvm.dll+0x8ae341]
V  [jvm.dll+0x8b08be]
V  [jvm.dll+0x8b0fa3]
V  [jvm.dll+0x280c96]
V  [jvm.dll+0xc581d]
V  [jvm.dll+0xc5d53]
V  [jvm.dll+0x2f539d]
V  [jvm.dll+0x5fa00a]
V  [jvm.dll+0x252092]
V  [jvm.dll+0x24a85c]
V  [jvm.dll+0x2483a4]
V  [jvm.dll+0x1c89ee]
V  [jvm.dll+0x257d4d]
V  [jvm.dll+0x2562ea]
V  [jvm.dll+0x3f2d16]
V  [jvm.dll+0x857e6b]
V  [jvm.dll+0x6d0b0d]
C  [ucrtbase.dll+0x37b0]
C  [KERNEL32.DLL+0x2e8d7]
C  [ntdll.dll+0x8c53c]


---------------  P R O C E S S  ---------------

Threads class SMR info:
_java_thread_list=0x000001e27d4422a0, length=38, elements={
0x000001e21b97cb30, 0x000001e21ba3b850, 0x000001e232ab6280, 0x000001e232ab8ad0,
0x000001e232ab9720, 0x000001e232abc180, 0x000001e232abcbd0, 0x000001e232abfa10,
0x000001e232aeb520, 0x000001e2755fff80, 0x000001e275860000, 0x000001e2757e8520,
0x000001e27a880ff0, 0x000001e27a881920, 0x000001e27a67bd20, 0x000001e27a5e01c0,
0x000001e27b0b7530, 0x000001e27b2a7320, 0x000001e27b2a7980, 0x000001e27b3a2450,
0x000001e27b3a2ae0, 0x000001e27b3a4520, 0x000001e27b3a5240, 0x000001e27b3a58d0,
0x000001e27b3a4bb0, 0x000001e27b3a3170, 0x000001e27b3a3800, 0x000001e27b3a3e90,
0x000001e27c4ae780, 0x000001e27c4afb30, 0x000001e27c4ae0f0, 0x000001e27c4aee10,
0x000001e27c4af4a0, 0x000001e27c4ada60, 0x000001e27c4b0850, 0x000001e27c4b01c0,
0x000001e27bdd3190, 0x000001e27bdd3860
}

Java Threads: ( => current thread )
  0x000001e21b97cb30 JavaThread "main"                              [_thread_blocked, id=16948, stack(0x0000001bdbf00000,0x0000001bdc000000) (1024K)]
  0x000001e21ba3b850 JavaThread "Reference Handler"          daemon [_thread_blocked, id=6460, stack(0x0000001bdc300000,0x0000001bdc400000) (1024K)]
  0x000001e232ab6280 JavaThread "Finalizer"                  daemon [_thread_blocked, id=10336, stack(0x0000001bdc400000,0x0000001bdc500000) (1024K)]
  0x000001e232ab8ad0 JavaThread "Signal Dispatcher"          daemon [_thread_blocked, id=7948, stack(0x0000001bdc500000,0x0000001bdc600000) (1024K)]
  0x000001e232ab9720 JavaThread "Attach Listener"            daemon [_thread_blocked, id=13536, stack(0x0000001bdc600000,0x0000001bdc700000) (1024K)]
  0x000001e232abc180 JavaThread "Service Thread"             daemon [_thread_blocked, id=1332, stack(0x0000001bdc700000,0x0000001bdc800000) (1024K)]
  0x000001e232abcbd0 JavaThread "Monitor Deflation Thread"   daemon [_thread_blocked, id=3160, stack(0x0000001bdc800000,0x0000001bdc900000) (1024K)]
  0x000001e232abfa10 JavaThread "C2 CompilerThread0"         daemon [_thread_blocked, id=27644, stack(0x0000001bdc900000,0x0000001bdca00000) (1024K)]
  0x000001e232aeb520 JavaThread "C1 CompilerThread0"         daemon [_thread_blocked, id=28448, stack(0x0000001bdca00000,0x0000001bdcb00000) (1024K)]
  0x000001e2755fff80 JavaThread "Common-Cleaner"             daemon [_thread_blocked, id=21220, stack(0x0000001bdcb00000,0x0000001bdcc00000) (1024K)]
  0x000001e275860000 JavaThread "Notification Thread"        daemon [_thread_blocked, id=1372, stack(0x0000001bdcc00000,0x0000001bdcd00000) (1024K)]
  0x000001e2757e8520 JavaThread "Active Thread: Equinox Container: bb83212a-87f5-46ea-9d2f-0b591edce626"        [_thread_blocked, id=2004, stack(0x0000001bdce00000,0x0000001bdcf00000) (1024K)]
  0x000001e27a880ff0 JavaThread "Framework Event Dispatcher: Equinox Container: bb83212a-87f5-46ea-9d2f-0b591edce626" daemon [_thread_blocked, id=21808, stack(0x0000001bdd500000,0x0000001bdd600000) (1024K)]
  0x000001e27a881920 JavaThread "Start Level: Equinox Container: bb83212a-87f5-46ea-9d2f-0b591edce626" daemon [_thread_blocked, id=21852, stack(0x0000001bdd600000,0x0000001bdd700000) (1024K)]
  0x000001e27a67bd20 JavaThread "SCR Component Actor"        daemon [_thread_blocked, id=2108, stack(0x0000001bdcd00000,0x0000001bdce00000) (1024K)]
  0x000001e27a5e01c0 JavaThread "Worker-JM"                         [_thread_blocked, id=23660, stack(0x0000001bdd800000,0x0000001bdd900000) (1024K)]
  0x000001e27b0b7530 JavaThread "JNA Cleaner"                daemon [_thread_blocked, id=27336, stack(0x0000001bdda00000,0x0000001bddb00000) (1024K)]
  0x000001e27b2a7320 JavaThread "Worker-0: Publish Diagnostics"        [_thread_blocked, id=12792, stack(0x0000001bddb00000,0x0000001bddc00000) (1024K)]
  0x000001e27b2a7980 JavaThread "Worker-1"                          [_thread_blocked, id=24748, stack(0x0000001bddc00000,0x0000001bddd00000) (1024K)]
  0x000001e27b3a2450 JavaThread "Thread-1"                   daemon [_thread_in_native, id=2064, stack(0x0000001bde000000,0x0000001bde100000) (1024K)]
  0x000001e27b3a2ae0 JavaThread "Thread-2"                   daemon [_thread_in_native, id=4596, stack(0x0000001bde100000,0x0000001bde200000) (1024K)]
  0x000001e27b3a4520 JavaThread "Thread-3"                   daemon [_thread_in_native, id=18580, stack(0x0000001bde200000,0x0000001bde300000) (1024K)]
  0x000001e27b3a5240 JavaThread "Thread-4"                   daemon [_thread_in_native, id=18024, stack(0x0000001bde300000,0x0000001bde400000) (1024K)]
  0x000001e27b3a58d0 JavaThread "Thread-5"                   daemon [_thread_in_native, id=14736, stack(0x0000001bde400000,0x0000001bde500000) (1024K)]
  0x000001e27b3a4bb0 JavaThread "Thread-6"                   daemon [_thread_in_native, id=18040, stack(0x0000001bde500000,0x0000001bde600000) (1024K)]
  0x000001e27b3a3170 JavaThread "Thread-7"                   daemon [_thread_in_native, id=27604, stack(0x0000001bde600000,0x0000001bde700000) (1024K)]
  0x000001e27b3a3800 JavaThread "Thread-8"                   daemon [_thread_in_native, id=21980, stack(0x0000001bde700000,0x0000001bde800000) (1024K)]
  0x000001e27b3a3e90 JavaThread "Thread-9"                   daemon [_thread_in_native, id=26736, stack(0x0000001bde800000,0x0000001bde900000) (1024K)]
  0x000001e27c4ae780 JavaThread "pool-2-thread-1"                   [_thread_blocked, id=22084, stack(0x0000001bde900000,0x0000001bdea00000) (1024K)]
  0x000001e27c4afb30 JavaThread "WorkspaceEventsHandler"            [_thread_blocked, id=25208, stack(0x0000001bdea00000,0x0000001bdeb00000) (1024K)]
  0x000001e27c4ae0f0 JavaThread "pool-1-thread-1"                   [_thread_blocked, id=6260, stack(0x0000001bdeb00000,0x0000001bdec00000) (1024K)]
  0x000001e27c4aee10 JavaThread "Worker-2"                          [_thread_blocked, id=18812, stack(0x0000001bdec00000,0x0000001bded00000) (1024K)]
  0x000001e27c4af4a0 JavaThread "ForkJoinPool.commonPool-worker-1" daemon [_thread_blocked, id=8696, stack(0x0000001bddd00000,0x0000001bdde00000) (1024K)]
  0x000001e27c4ada60 JavaThread "ForkJoinPool.commonPool-worker-2" daemon [_thread_blocked, id=25176, stack(0x0000001bded00000,0x0000001bdee00000) (1024K)]
  0x000001e27c4b0850 JavaThread "ForkJoinPool.commonPool-worker-3" daemon [_thread_blocked, id=10184, stack(0x0000001bdee00000,0x0000001bdef00000) (1024K)]
  0x000001e27c4b01c0 JavaThread "ForkJoinPool.commonPool-worker-4" daemon [_thread_blocked, id=28624, stack(0x0000001bdef00000,0x0000001bdf000000) (1024K)]
  0x000001e27bdd3190 JavaThread "C2 CompilerThread1"         daemon [_thread_blocked, id=21856, stack(0x0000001bdd900000,0x0000001bdda00000) (1024K)]
=>0x000001e27bdd3860 JavaThread "C2 CompilerThread2"         daemon [_thread_in_native, id=5716, stack(0x0000001bdf000000,0x0000001bdf100000) (1024K)]
Total: 38

Other Threads:
  0x000001e21ba21820 VMThread "VM Thread"                           [id=26340, stack(0x0000001bdc200000,0x0000001bdc300000) (1024K)]
  0x000001e2329cca00 WatcherThread "VM Periodic Task Thread"        [id=9400, stack(0x0000001bdc100000,0x0000001bdc200000) (1024K)]
  0x000001e21b99b4f0 WorkerThread "GC Thread#0"                     [id=25856, stack(0x0000001bdc000000,0x0000001bdc100000) (1024K)]
  0x000001e27a0cd340 WorkerThread "GC Thread#1"                     [id=1484, stack(0x0000001bdcf00000,0x0000001bdd000000) (1024K)]
  0x000001e27a0cd6e0 WorkerThread "GC Thread#2"                     [id=27612, stack(0x0000001bdd000000,0x0000001bdd100000) (1024K)]
  0x000001e27a0cda80 WorkerThread "GC Thread#3"                     [id=14664, stack(0x0000001bdd100000,0x0000001bdd200000) (1024K)]
  0x000001e27a15f920 WorkerThread "GC Thread#4"                     [id=28368, stack(0x0000001bdd200000,0x0000001bdd300000) (1024K)]
  0x000001e27a15fcc0 WorkerThread "GC Thread#5"                     [id=22952, stack(0x0000001bdd300000,0x0000001bdd400000) (1024K)]
  0x000001e27a160060 WorkerThread "GC Thread#6"                     [id=5244, stack(0x0000001bdd400000,0x0000001bdd500000) (1024K)]
  0x000001e27a3a0460 WorkerThread "GC Thread#7"                     [id=22196, stack(0x0000001bdd700000,0x0000001bdd800000) (1024K)]
Total: 10

Threads with active compile tasks:
C2 CompilerThread0  35178 10806       4       lombok.eclipse.agent.PatchExtensionMethod::getTypeNode (47 bytes)
C2 CompilerThread1  35178 10642       4       org.eclipse.jdt.internal.compiler.ClassFile::addProblemMethod (281 bytes)
C2 CompilerThread2  35178 10803   !   4       lombok.eclipse.agent.PatchExtensionMethod::resolveType (870 bytes)
Total: 3

VM state: at safepoint (normal execution)

VM Mutex/Monitor currently owned by a thread:  ([mutex/lock_event])
[0x00007ffa2d1a5458] Threads_lock - owner thread: 0x000001e21ba21820
[0x00007ffa2d1a5558] Heap_lock - owner thread: 0x000001e27b2a7320

Heap address: 0x0000000080000000, size: 2048 MB, Compressed Oops mode: 32-bit

CDS archive(s) mapped at: [0x000001e233000000-0x000001e233ba0000-0x000001e233ba0000), size 12189696, SharedBaseAddress: 0x000001e233000000, ArchiveRelocationMode: 1.
Compressed class space mapped at: 0x000001e234000000-0x000001e274000000, reserved size: 1073741824
Narrow klass base: 0x000001e233000000, Narrow klass shift: 0, Narrow klass range: 0x100000000

GC Precious Log:
 CardTable entry size: 512
 CPUs: 8 total, 8 available
 Memory: 11972M
 Large Page Support: Disabled
 NUMA Support: Disabled
 Compressed Oops: Enabled (32-bit)
 Alignments: Space 512K, Generation 512K, Heap 2M
 Heap Min Capacity: 100M
 Heap Initial Capacity: 100M
 Heap Max Capacity: 2G
 Pre-touch: Disabled
 Parallel Workers: 8

Heap:
 PSYoungGen      total 5120K, used 4640K [0x00000000d5580000, 0x00000000d5b80000, 0x0000000100000000)
  eden space 4096K, 100% used [0x00000000d5580000,0x00000000d5980000,0x00000000d5980000)
  from space 1024K, 53% used [0x00000000d5a80000,0x00000000d5b08020,0x00000000d5b80000)
  to   space 1024K, 84% used [0x00000000d5980000,0x00000000d5a58020,0x00000000d5a80000)
 ParOldGen       total 202752K, used 202443K [0x0000000080000000, 0x000000008c600000, 0x00000000d5580000)
  object space 202752K, 99% used [0x0000000080000000,0x000000008c5b2d18,0x000000008c600000)
 Metaspace       used 46329K, committed 47488K, reserved 1114112K
  class space    used 4362K, committed 4928K, reserved 1048576K

Card table byte_map: [0x000001e22de30000,0x000001e22e240000] _byte_map_base: 0x000001e22da30000

Marking Bits: (ParMarkBitMap*) 0x00007ffa2d1aa340
 Begin Bits: [0x000001e22e4f0000, 0x000001e2304f0000)
 End Bits:   [0x000001e2304f0000, 0x000001e2324f0000)

Polling page: 0x000001e219e40000

Metaspace:

Usage:
  Non-class:     40.98 MB used.
      Class:      4.26 MB used.
       Both:     45.24 MB used.

Virtual space:
  Non-class space:       64.00 MB reserved,      41.56 MB ( 65%) committed,  1 nodes.
      Class space:        1.00 GB reserved,       4.81 MB ( <1%) committed,  1 nodes.
             Both:        1.06 GB reserved,      46.38 MB (  4%) committed. 

Chunk freelists:
   Non-Class:  5.56 MB
       Class:  11.06 MB
        Both:  16.62 MB

MaxMetaspaceSize: unlimited
CompressedClassSpaceSize: 1.00 GB
Initial GC threshold: 21.00 MB
Current GC threshold: 58.38 MB
CDS: on
 - commit_granule_bytes: 65536.
 - commit_granule_words: 8192.
 - virtual_space_node_default_size: 8388608.
 - enlarge_chunks_in_place: 1.
 - use_allocation_guard: 0.


Internal statistics:

num_allocs_failed_limit: 6.
num_arena_births: 1166.
num_arena_deaths: 160.
num_vsnodes_births: 2.
num_vsnodes_deaths: 0.
num_space_committed: 742.
num_space_uncommitted: 0.
num_chunks_returned_to_freelist: 213.
num_chunks_taken_from_freelist: 3450.
num_chunk_merges: 76.
num_chunk_splits: 2025.
num_chunks_enlarged: 1103.
num_inconsistent_stats: 0.

CodeHeap 'non-profiled nmethods': size=120000Kb used=10875Kb max_used=10875Kb free=109124Kb
 bounds [0x000001e226720000, 0x000001e2271c0000, 0x000001e22dc50000]
CodeHeap 'profiled nmethods': size=120000Kb used=27029Kb max_used=27029Kb free=92970Kb
 bounds [0x000001e21ec50000, 0x000001e2206c0000, 0x000001e226180000]
CodeHeap 'non-nmethods': size=5760Kb used=1406Kb max_used=1501Kb free=4354Kb
 bounds [0x000001e226180000, 0x000001e2263f0000, 0x000001e226720000]
CodeCache: size=245760Kb, used=39310Kb, max_used=39405Kb, free=206448Kb
 total_blobs=11103, nmethods=10390, adapters=617, full_count=0
Compilation: enabled, stopped_count=0, restarted_count=0

Compilation events (20 events):
Event: 35.027 Thread 0x000001e232abfa10 nmethod 10829 0x000001e2271a8f10 code [0x000001e2271a90c0, 0x000001e2271a9578]
Event: 35.027 Thread 0x000001e232abfa10 10826 %     4       lombok.eclipse.handlers.HandleConstructor::fieldsNeedingBuilderDefaults @ 20 (139 bytes)
Event: 35.027 Thread 0x000001e232aeb520 10831 %     3       org.eclipse.jdt.internal.core.JavaProject::filterLimitedModules @ 142 (179 bytes)
Event: 35.029 Thread 0x000001e232aeb520 nmethod 10831% 0x000001e2206a9f10 code [0x000001e2206aa2e0, 0x000001e2206abd18]
Event: 35.052 Thread 0x000001e232abfa10 nmethod 10826% 0x000001e2271a9810 code [0x000001e2271a9a60, 0x000001e2271aa368]
Event: 35.053 Thread 0x000001e232abfa10 10809       4       org.eclipse.jdt.internal.compiler.lookup.TypeBinding::wellKnownType (149 bytes)
Event: 35.059 Thread 0x000001e232abfa10 nmethod 10809 0x000001e2271aaa10 code [0x000001e2271aac20, 0x000001e2271ab0c8]
Event: 35.060 Thread 0x000001e232abfa10 10800       4       java.lang.invoke.LambdaForm$MH/0x000001e23448e800::invoke (42 bytes)
Event: 35.061 Thread 0x000001e232abfa10 nmethod 10800 0x000001e2271ab590 code [0x000001e2271ab720, 0x000001e2271ab7c8]
Event: 35.061 Thread 0x000001e232abfa10 10825       4       java.lang.Integer::toString (55 bytes)
Event: 35.075 Thread 0x000001e232abfa10 nmethod 10825 0x000001e2271ab990 code [0x000001e2271abb40, 0x000001e2271ac200]
Event: 35.075 Thread 0x000001e232abfa10 10808       4       lombok.core.AST::get (14 bytes)
Event: 35.075 Thread 0x000001e232aeb520 10833   !   3       org.eclipse.jdt.internal.compiler.lookup.ClassScope::findSupertype (136 bytes)
Event: 35.076 Thread 0x000001e232aeb520 nmethod 10833 0x000001e2206ac710 code [0x000001e2206ac940, 0x000001e2206ad278]
Event: 35.081 Thread 0x000001e232abfa10 nmethod 10808 0x000001e2271ac490 code [0x000001e2271ac640, 0x000001e2271ac8e0]
Event: 35.081 Thread 0x000001e232abfa10 10806       4       lombok.eclipse.agent.PatchExtensionMethod::getTypeNode (47 bytes)
Event: 35.082 Thread 0x000001e232aeb520 10834       3       org.eclipse.jdt.internal.compiler.ast.Expression::checkUnsafeCast (82 bytes)
Event: 35.083 Thread 0x000001e232aeb520 nmethod 10834 0x000001e2206ad810 code [0x000001e2206ada40, 0x000001e2206ae2a0]
Event: 35.104 Thread 0x000001e232aeb520 10838       3       java.util.stream.ReduceOps::makeRef (29 bytes)
Event: 35.105 Thread 0x000001e232aeb520 nmethod 10838 0x000001e2206ae490 code [0x000001e2206ae6a0, 0x000001e2206aed68]

GC Heap History (20 events):
Event: 34.779 GC heap before
{Heap before GC invocations=201 (full 2):
 PSYoungGen      total 5120K, used 4800K [0x00000000d5580000, 0x00000000d5b80000, 0x0000000100000000)
  eden space 4096K, 100% used [0x00000000d5580000,0x00000000d5980000,0x00000000d5980000)
  from space 1024K, 68% used [0x00000000d5a80000,0x00000000d5b30000,0x00000000d5b80000)
  to   space 1024K, 0% used [0x00000000d5980000,0x00000000d5980000,0x00000000d5a80000)
 ParOldGen       total 194560K, used 194265K [0x0000000080000000, 0x000000008be00000, 0x00000000d5580000)
  object space 194560K, 99% used [0x0000000080000000,0x000000008bdb66a8,0x000000008be00000)
 Metaspace       used 46309K, committed 47488K, reserved 1114112K
  class space    used 4362K, committed 4928K, reserved 1048576K
}
Event: 34.782 GC heap after
{Heap after GC invocations=201 (full 2):
 PSYoungGen      total 5120K, used 896K [0x00000000d5580000, 0x00000000d5b80000, 0x0000000100000000)
  eden space 4096K, 0% used [0x00000000d5580000,0x00000000d5580000,0x00000000d5980000)
  from space 1024K, 87% used [0x00000000d5980000,0x00000000d5a60020,0x00000000d5a80000)
  to   space 1024K, 0% used [0x00000000d5a80000,0x00000000d5a80000,0x00000000d5b80000)
 ParOldGen       total 195072K, used 194854K [0x0000000080000000, 0x000000008be80000, 0x00000000d5580000)
  object space 195072K, 99% used [0x0000000080000000,0x000000008be49b58,0x000000008be80000)
 Metaspace       used 46309K, committed 47488K, reserved 1114112K
  class space    used 4362K, committed 4928K, reserved 1048576K
}
Event: 34.800 GC heap before
{Heap before GC invocations=202 (full 2):
 PSYoungGen      total 5120K, used 4992K [0x00000000d5580000, 0x00000000d5b80000, 0x0000000100000000)
  eden space 4096K, 100% used [0x00000000d5580000,0x00000000d5980000,0x00000000d5980000)
  from space 1024K, 87% used [0x00000000d5980000,0x00000000d5a60020,0x00000000d5a80000)
  to   space 1024K, 0% used [0x00000000d5a80000,0x00000000d5a80000,0x00000000d5b80000)
 ParOldGen       total 195072K, used 194854K [0x0000000080000000, 0x000000008be80000, 0x00000000d5580000)
  object space 195072K, 99% used [0x0000000080000000,0x000000008be49b58,0x000000008be80000)
 Metaspace       used 46309K, committed 47488K, reserved 1114112K
  class space    used 4362K, committed 4928K, reserved 1048576K
}
Event: 34.803 GC heap after
{Heap after GC invocations=202 (full 2):
 PSYoungGen      total 5120K, used 544K [0x00000000d5580000, 0x00000000d5b80000, 0x0000000100000000)
  eden space 4096K, 0% used [0x00000000d5580000,0x00000000d5580000,0x00000000d5980000)
  from space 1024K, 53% used [0x00000000d5a80000,0x00000000d5b08020,0x00000000d5b80000)
  to   space 1024K, 0% used [0x00000000d5980000,0x00000000d5980000,0x00000000d5a80000)
 ParOldGen       total 196096K, used 195630K [0x0000000080000000, 0x000000008bf80000, 0x00000000d5580000)
  object space 196096K, 99% used [0x0000000080000000,0x000000008bf0bb78,0x000000008bf80000)
 Metaspace       used 46309K, committed 47488K, reserved 1114112K
  class space    used 4362K, committed 4928K, reserved 1048576K
}
Event: 34.970 GC heap before
{Heap before GC invocations=203 (full 2):
 PSYoungGen      total 5120K, used 4640K [0x00000000d5580000, 0x00000000d5b80000, 0x0000000100000000)
  eden space 4096K, 100% used [0x00000000d5580000,0x00000000d5980000,0x00000000d5980000)
  from space 1024K, 53% used [0x00000000d5a80000,0x00000000d5b08020,0x00000000d5b80000)
  to   space 1024K, 0% used [0x00000000d5980000,0x00000000d5980000,0x00000000d5a80000)
 ParOldGen       total 196096K, used 195630K [0x0000000080000000, 0x000000008bf80000, 0x00000000d5580000)
  object space 196096K, 99% used [0x0000000080000000,0x000000008bf0bb78,0x000000008bf80000)
 Metaspace       used 46323K, committed 47488K, reserved 1114112K
  class space    used 4362K, committed 4928K, reserved 1048576K
}
Event: 34.971 GC heap after
{Heap after GC invocations=203 (full 2):
 PSYoungGen      total 5120K, used 992K [0x00000000d5580000, 0x00000000d5c80000, 0x0000000100000000)
  eden space 4096K, 0% used [0x00000000d5580000,0x00000000d5580000,0x00000000d5980000)
  from space 1024K, 96% used [0x00000000d5980000,0x00000000d5a78020,0x00000000d5a80000)
  to   space 1536K, 0% used [0x00000000d5b00000,0x00000000d5b00000,0x00000000d5c80000)
 ParOldGen       total 196096K, used 196007K [0x0000000080000000, 0x000000008bf80000, 0x00000000d5580000)
  object space 196096K, 99% used [0x0000000080000000,0x000000008bf69ee0,0x000000008bf80000)
 Metaspace       used 46323K, committed 47488K, reserved 1114112K
  class space    used 4362K, committed 4928K, reserved 1048576K
}
Event: 34.984 GC heap before
{Heap before GC invocations=204 (full 2):
 PSYoungGen      total 5120K, used 5088K [0x00000000d5580000, 0x00000000d5c80000, 0x0000000100000000)
  eden space 4096K, 100% used [0x00000000d5580000,0x00000000d5980000,0x00000000d5980000)
  from space 1024K, 96% used [0x00000000d5980000,0x00000000d5a78020,0x00000000d5a80000)
  to   space 1536K, 0% used [0x00000000d5b00000,0x00000000d5b00000,0x00000000d5c80000)
 ParOldGen       total 196096K, used 196007K [0x0000000080000000, 0x000000008bf80000, 0x00000000d5580000)
  object space 196096K, 99% used [0x0000000080000000,0x000000008bf69ee0,0x000000008bf80000)
 Metaspace       used 46323K, committed 47488K, reserved 1114112K
  class space    used 4362K, committed 4928K, reserved 1048576K
}
Event: 34.987 GC heap after
{Heap after GC invocations=204 (full 2):
 PSYoungGen      total 5120K, used 672K [0x00000000d5580000, 0x00000000d5c00000, 0x0000000100000000)
  eden space 4096K, 0% used [0x00000000d5580000,0x00000000d5580000,0x00000000d5980000)
  from space 1024K, 65% used [0x00000000d5b00000,0x00000000d5ba8000,0x00000000d5c00000)
  to   space 1024K, 0% used [0x00000000d5980000,0x00000000d5980000,0x00000000d5a80000)
 ParOldGen       total 197120K, used 196927K [0x0000000080000000, 0x000000008c080000, 0x00000000d5580000)
  object space 197120K, 99% used [0x0000000080000000,0x000000008c04fc98,0x000000008c080000)
 Metaspace       used 46323K, committed 47488K, reserved 1114112K
  class space    used 4362K, committed 4928K, reserved 1048576K
}
Event: 35.004 GC heap before
{Heap before GC invocations=205 (full 2):
 PSYoungGen      total 5120K, used 4768K [0x00000000d5580000, 0x00000000d5c00000, 0x0000000100000000)
  eden space 4096K, 100% used [0x00000000d5580000,0x00000000d5980000,0x00000000d5980000)
  from space 1024K, 65% used [0x00000000d5b00000,0x00000000d5ba8000,0x00000000d5c00000)
  to   space 1024K, 0% used [0x00000000d5980000,0x00000000d5980000,0x00000000d5a80000)
 ParOldGen       total 197120K, used 196927K [0x0000000080000000, 0x000000008c080000, 0x00000000d5580000)
  object space 197120K, 99% used [0x0000000080000000,0x000000008c04fc98,0x000000008c080000)
 Metaspace       used 46327K, committed 47488K, reserved 1114112K
  class space    used 4362K, committed 4928K, reserved 1048576K
}
Event: 35.006 GC heap after
{Heap after GC invocations=205 (full 2):
 PSYoungGen      total 5120K, used 912K [0x00000000d5580000, 0x00000000d5b80000, 0x0000000100000000)
  eden space 4096K, 0% used [0x00000000d5580000,0x00000000d5580000,0x00000000d5980000)
  from space 1024K, 89% used [0x00000000d5980000,0x00000000d5a64010,0x00000000d5a80000)
  to   space 1024K, 0% used [0x00000000d5a80000,0x00000000d5a80000,0x00000000d5b80000)
 ParOldGen       total 197632K, used 197527K [0x0000000080000000, 0x000000008c100000, 0x00000000d5580000)
  object space 197632K, 99% used [0x0000000080000000,0x000000008c0e5cd8,0x000000008c100000)
 Metaspace       used 46327K, committed 47488K, reserved 1114112K
  class space    used 4362K, committed 4928K, reserved 1048576K
}
Event: 35.034 GC heap before
{Heap before GC invocations=206 (full 2):
 PSYoungGen      total 5120K, used 5008K [0x00000000d5580000, 0x00000000d5b80000, 0x0000000100000000)
  eden space 4096K, 100% used [0x00000000d5580000,0x00000000d5980000,0x00000000d5980000)
  from space 1024K, 89% used [0x00000000d5980000,0x00000000d5a64010,0x00000000d5a80000)
  to   space 1024K, 0% used [0x00000000d5a80000,0x00000000d5a80000,0x00000000d5b80000)
 ParOldGen       total 197632K, used 197527K [0x0000000080000000, 0x000000008c100000, 0x00000000d5580000)
  object space 197632K, 99% used [0x0000000080000000,0x000000008c0e5cd8,0x000000008c100000)
 Metaspace       used 46327K, committed 47488K, reserved 1114112K
  class space    used 4362K, committed 4928K, reserved 1048576K
}
Event: 35.036 GC heap after
{Heap after GC invocations=206 (full 2):
 PSYoungGen      total 5120K, used 640K [0x00000000d5580000, 0x00000000d5b80000, 0x0000000100000000)
  eden space 4096K, 0% used [0x00000000d5580000,0x00000000d5580000,0x00000000d5980000)
  from space 1024K, 62% used [0x00000000d5a80000,0x00000000d5b20000,0x00000000d5b80000)
  to   space 1024K, 0% used [0x00000000d5980000,0x00000000d5980000,0x00000000d5a80000)
 ParOldGen       total 198656K, used 198285K [0x0000000080000000, 0x000000008c200000, 0x00000000d5580000)
  object space 198656K, 99% used [0x0000000080000000,0x000000008c1a3758,0x000000008c200000)
 Metaspace       used 46327K, committed 47488K, reserved 1114112K
  class space    used 4362K, committed 4928K, reserved 1048576K
}
Event: 35.049 GC heap before
{Heap before GC invocations=207 (full 2):
 PSYoungGen      total 5120K, used 4736K [0x00000000d5580000, 0x00000000d5b80000, 0x0000000100000000)
  eden space 4096K, 100% used [0x00000000d5580000,0x00000000d5980000,0x00000000d5980000)
  from space 1024K, 62% used [0x00000000d5a80000,0x00000000d5b20000,0x00000000d5b80000)
  to   space 1024K, 0% used [0x00000000d5980000,0x00000000d5980000,0x00000000d5a80000)
 ParOldGen       total 198656K, used 198285K [0x0000000080000000, 0x000000008c200000, 0x00000000d5580000)
  object space 198656K, 99% used [0x0000000080000000,0x000000008c1a3758,0x000000008c200000)
 Metaspace       used 46327K, committed 47488K, reserved 1114112K
  class space    used 4362K, committed 4928K, reserved 1048576K
}
Event: 35.051 GC heap after
{Heap after GC invocations=207 (full 2):
 PSYoungGen      total 5120K, used 752K [0x00000000d5580000, 0x00000000d5b80000, 0x0000000100000000)
  eden space 4096K, 0% used [0x00000000d5580000,0x00000000d5580000,0x00000000d5980000)
  from space 1024K, 73% used [0x00000000d5980000,0x00000000d5a3c010,0x00000000d5a80000)
  to   space 1024K, 0% used [0x00000000d5a80000,0x00000000d5a80000,0x00000000d5b80000)
 ParOldGen       total 199168K, used 198835K [0x0000000080000000, 0x000000008c280000, 0x00000000d5580000)
  object space 199168K, 99% used [0x0000000080000000,0x000000008c22cc28,0x000000008c280000)
 Metaspace       used 46327K, committed 47488K, reserved 1114112K
  class space    used 4362K, committed 4928K, reserved 1048576K
}
Event: 35.064 GC heap before
{Heap before GC invocations=208 (full 2):
 PSYoungGen      total 5120K, used 4848K [0x00000000d5580000, 0x00000000d5b80000, 0x0000000100000000)
  eden space 4096K, 100% used [0x00000000d5580000,0x00000000d5980000,0x00000000d5980000)
  from space 1024K, 73% used [0x00000000d5980000,0x00000000d5a3c010,0x00000000d5a80000)
  to   space 1024K, 0% used [0x00000000d5a80000,0x00000000d5a80000,0x00000000d5b80000)
 ParOldGen       total 199168K, used 198835K [0x0000000080000000, 0x000000008c280000, 0x00000000d5580000)
  object space 199168K, 99% used [0x0000000080000000,0x000000008c22cc28,0x000000008c280000)
 Metaspace       used 46327K, committed 47488K, reserved 1114112K
  class space    used 4362K, committed 4928K, reserved 1048576K
}
Event: 35.068 GC heap after
{Heap after GC invocations=208 (full 2):
 PSYoungGen      total 5120K, used 832K [0x00000000d5580000, 0x00000000d5b80000, 0x0000000100000000)
  eden space 4096K, 0% used [0x00000000d5580000,0x00000000d5580000,0x00000000d5980000)
  from space 1024K, 81% used [0x00000000d5a80000,0x00000000d5b50020,0x00000000d5b80000)
  to   space 1024K, 0% used [0x00000000d5980000,0x00000000d5980000,0x00000000d5a80000)
 ParOldGen       total 199680K, used 199523K [0x0000000080000000, 0x000000008c300000, 0x00000000d5580000)
  object space 199680K, 99% used [0x0000000080000000,0x000000008c2d8c68,0x000000008c300000)
 Metaspace       used 46327K, committed 47488K, reserved 1114112K
  class space    used 4362K, committed 4928K, reserved 1048576K
}
Event: 35.078 GC heap before
{Heap before GC invocations=209 (full 2):
 PSYoungGen      total 5120K, used 4928K [0x00000000d5580000, 0x00000000d5b80000, 0x0000000100000000)
  eden space 4096K, 100% used [0x00000000d5580000,0x00000000d5980000,0x00000000d5980000)
  from space 1024K, 81% used [0x00000000d5a80000,0x00000000d5b50020,0x00000000d5b80000)
  to   space 1024K, 0% used [0x00000000d5980000,0x00000000d5980000,0x00000000d5a80000)
 ParOldGen       total 199680K, used 199523K [0x0000000080000000, 0x000000008c300000, 0x00000000d5580000)
  object space 199680K, 99% used [0x0000000080000000,0x000000008c2d8c68,0x000000008c300000)
 Metaspace       used 46327K, committed 47488K, reserved 1114112K
  class space    used 4362K, committed 4928K, reserved 1048576K
}
Event: 35.080 GC heap after
{Heap after GC invocations=209 (full 2):
 PSYoungGen      total 5120K, used 640K [0x00000000d5580000, 0x00000000d5b80000, 0x0000000100000000)
  eden space 4096K, 0% used [0x00000000d5580000,0x00000000d5580000,0x00000000d5980000)
  from space 1024K, 62% used [0x00000000d5980000,0x00000000d5a20020,0x00000000d5a80000)
  to   space 1024K, 0% used [0x00000000d5a80000,0x00000000d5a80000,0x00000000d5b80000)
 ParOldGen       total 200704K, used 200244K [0x0000000080000000, 0x000000008c400000, 0x00000000d5580000)
  object space 200704K, 99% used [0x0000000080000000,0x000000008c38d018,0x000000008c400000)
 Metaspace       used 46327K, committed 47488K, reserved 1114112K
  class space    used 4362K, committed 4928K, reserved 1048576K
}
Event: 35.106 GC heap before
{Heap before GC invocations=210 (full 2):
 PSYoungGen      total 5120K, used 4736K [0x00000000d5580000, 0x00000000d5b80000, 0x0000000100000000)
  eden space 4096K, 100% used [0x00000000d5580000,0x00000000d5980000,0x00000000d5980000)
  from space 1024K, 62% used [0x00000000d5980000,0x00000000d5a20020,0x00000000d5a80000)
  to   space 1024K, 0% used [0x00000000d5a80000,0x00000000d5a80000,0x00000000d5b80000)
 ParOldGen       total 200704K, used 200244K [0x0000000080000000, 0x000000008c400000, 0x00000000d5580000)
  object space 200704K, 99% used [0x0000000080000000,0x000000008c38d018,0x000000008c400000)
 Metaspace       used 46328K, committed 47488K, reserved 1114112K
  class space    used 4362K, committed 4928K, reserved 1048576K
}
Event: 35.108 GC heap after
{Heap after GC invocations=210 (full 2):
 PSYoungGen      total 5120K, used 832K [0x00000000d5580000, 0x00000000d5b80000, 0x0000000100000000)
  eden space 4096K, 0% used [0x00000000d5580000,0x00000000d5580000,0x00000000d5980000)
  from space 1024K, 81% used [0x00000000d5a80000,0x00000000d5b50020,0x00000000d5b80000)
  to   space 1024K, 0% used [0x00000000d5980000,0x00000000d5980000,0x00000000d5a80000)
 ParOldGen       total 201216K, used 200804K [0x0000000080000000, 0x000000008c480000, 0x00000000d5580000)
  object space 201216K, 99% used [0x0000000080000000,0x000000008c419058,0x000000008c480000)
 Metaspace       used 46328K, committed 47488K, reserved 1114112K
  class space    used 4362K, committed 4928K, reserved 1048576K
}

Dll operation events (10 events):
Event: 0.023 Loaded shared library c:\Users\LOQ\.vscode\extensions\redhat.java-1.47.0-win32-x64\jre\21.0.8-win32-x86_64\bin\java.dll
Event: 0.203 Loaded shared library c:\Users\LOQ\.vscode\extensions\redhat.java-1.47.0-win32-x64\jre\21.0.8-win32-x86_64\bin\zip.dll
Event: 0.257 Loaded shared library C:\Users\LOQ\.vscode\extensions\redhat.java-1.47.0-win32-x64\jre\21.0.8-win32-x86_64\bin\instrument.dll
Event: 0.269 Loaded shared library C:\Users\LOQ\.vscode\extensions\redhat.java-1.47.0-win32-x64\jre\21.0.8-win32-x86_64\bin\net.dll
Event: 0.272 Loaded shared library C:\Users\LOQ\.vscode\extensions\redhat.java-1.47.0-win32-x64\jre\21.0.8-win32-x86_64\bin\nio.dll
Event: 0.279 Loaded shared library C:\Users\LOQ\.vscode\extensions\redhat.java-1.47.0-win32-x64\jre\21.0.8-win32-x86_64\bin\zip.dll
Event: 0.328 Loaded shared library C:\Users\LOQ\.vscode\extensions\redhat.java-1.47.0-win32-x64\jre\21.0.8-win32-x86_64\bin\jimage.dll
Event: 0.534 Loaded shared library c:\Users\LOQ\.vscode\extensions\redhat.java-1.47.0-win32-x64\jre\21.0.8-win32-x86_64\bin\verify.dll
Event: 2.857 Loaded shared library C:\Users\LOQ\AppData\Roaming\Code\User\globalStorage\redhat.java\1.47.0\config_ss_win\org.eclipse.equinox.launcher\org.eclipse.equinox.launcher.win32.win32.x86_64_1.2.1400.v20250801-0854\eclipse_11916.dll
Event: 4.947 Loaded shared library C:\Users\LOQ\AppData\Local\Temp\jna-75566\jna3760358959045618222.dll

Deoptimization events (20 events):
Event: 35.012 Thread 0x000001e27b2a7320 Uncommon trap: trap_request=0xffffffde fr.pc=0x000001e22717efa8 relative=0x0000000000000688
Event: 35.012 Thread 0x000001e27b2a7320 Uncommon trap: reason=class_check action=maybe_recompile pc=0x000001e22717efa8 method=org.eclipse.jdt.internal.compiler.problem.ProblemHandler.handle(I[Ljava/lang/String;I[Ljava/lang/String;IIILorg/eclipse/jdt/internal/compiler/impl/ReferenceContext;Lorg/
Event: 35.012 Thread 0x000001e27b2a7320 DEOPT PACKING pc=0x000001e22717efa8 sp=0x0000001bddbfce60
Event: 35.012 Thread 0x000001e27b2a7320 DEOPT UNPACKING pc=0x000001e2261d3aa2 sp=0x0000001bddbfcdb0 mode 2
Event: 35.052 Thread 0x000001e27b2a7320 Uncommon trap: trap_request=0xffffffd6 fr.pc=0x000001e2271a9504 relative=0x0000000000000444
Event: 35.052 Thread 0x000001e27b2a7320 Uncommon trap: reason=array_check action=maybe_recompile pc=0x000001e2271a9504 method=java.util.TimSort.reverseRange([Ljava/lang/Object;II)V @ 20 c2
Event: 35.053 Thread 0x000001e27b2a7320 DEOPT PACKING pc=0x000001e2271a9504 sp=0x0000001bddbfe540
Event: 35.053 Thread 0x000001e27b2a7320 DEOPT UNPACKING pc=0x000001e2261d3aa2 sp=0x0000001bddbfe450 mode 2
Event: 35.054 Thread 0x000001e27b2a7320 Uncommon trap: trap_request=0xffffffd6 fr.pc=0x000001e2271a9504 relative=0x0000000000000444
Event: 35.054 Thread 0x000001e27b2a7320 Uncommon trap: reason=array_check action=maybe_recompile pc=0x000001e2271a9504 method=java.util.TimSort.reverseRange([Ljava/lang/Object;II)V @ 20 c2
Event: 35.054 Thread 0x000001e27b2a7320 DEOPT PACKING pc=0x000001e2271a9504 sp=0x0000001bddbfe4f0
Event: 35.054 Thread 0x000001e27b2a7320 DEOPT UNPACKING pc=0x000001e2261d3aa2 sp=0x0000001bddbfe400 mode 2
Event: 35.077 Thread 0x000001e27b2a7320 Uncommon trap: trap_request=0xffffffd6 fr.pc=0x000001e2271a9504 relative=0x0000000000000444
Event: 35.077 Thread 0x000001e27b2a7320 Uncommon trap: reason=array_check action=maybe_recompile pc=0x000001e2271a9504 method=java.util.TimSort.reverseRange([Ljava/lang/Object;II)V @ 20 c2
Event: 35.077 Thread 0x000001e27b2a7320 DEOPT PACKING pc=0x000001e2271a9504 sp=0x0000001bddbfe540
Event: 35.077 Thread 0x000001e27b2a7320 DEOPT UNPACKING pc=0x000001e2261d3aa2 sp=0x0000001bddbfe450 mode 2
Event: 35.081 Thread 0x000001e27b2a7320 Uncommon trap: trap_request=0xffffffd6 fr.pc=0x000001e2271a9504 relative=0x0000000000000444
Event: 35.081 Thread 0x000001e27b2a7320 Uncommon trap: reason=array_check action=maybe_recompile pc=0x000001e2271a9504 method=java.util.TimSort.reverseRange([Ljava/lang/Object;II)V @ 20 c2
Event: 35.081 Thread 0x000001e27b2a7320 DEOPT PACKING pc=0x000001e2271a9504 sp=0x0000001bddbfe4f0
Event: 35.081 Thread 0x000001e27b2a7320 DEOPT UNPACKING pc=0x000001e2261d3aa2 sp=0x0000001bddbfe400 mode 2

Classes loaded (20 events):
Event: 22.035 Loading class java/lang/StackStreamFactory$FrameBuffer done
Event: 22.035 Loading class java/lang/StackStreamFactory$StackFrameTraverser$StackFrameBuffer done
Event: 22.038 Loading class java/util/logging/Level$RbAccess
Event: 22.038 Loading class java/util/logging/Level$RbAccess done
Event: 22.039 Loading class sun/util/logging/resources/logging
Event: 22.039 Loading class sun/util/logging/resources/logging done
Event: 22.039 Loading class sun/util/logging/resources/logging_en
Event: 22.039 Loading class sun/util/logging/resources/logging_en done
Event: 22.039 Loading class sun/util/logging/resources/logging_en
Event: 22.039 Loading class sun/util/logging/resources/logging_en done
Event: 22.039 Loading class sun/util/logging/resources/logging_en_US
Event: 22.039 Loading class sun/util/logging/resources/logging_en_US done
Event: 22.039 Loading class sun/util/logging/resources/logging_en_US
Event: 22.039 Loading class sun/util/logging/resources/logging_en_US done
Event: 22.040 Loading class java/util/Formatter$DateTime
Event: 22.040 Loading class java/util/Formatter$DateTime done
Event: 22.040 Loading class java/time/ZonedDateTime$1
Event: 22.040 Loading class java/time/ZonedDateTime$1 done
Event: 22.058 Loading class java/util/concurrent/CompletionException
Event: 22.058 Loading class java/util/concurrent/CompletionException done

Classes unloaded (20 events):
Event: 10.907 Thread 0x000001e21ba21820 Unloading class 0x000001e234386000 'java/lang/invoke/LambdaForm$MH+0x000001e234386000'
Event: 10.907 Thread 0x000001e21ba21820 Unloading class 0x000001e234385c00 'java/lang/invoke/LambdaForm$MH+0x000001e234385c00'
Event: 10.907 Thread 0x000001e21ba21820 Unloading class 0x000001e234385800 'java/lang/invoke/LambdaForm$MH+0x000001e234385800'
Event: 10.907 Thread 0x000001e21ba21820 Unloading class 0x000001e234385000 'java/lang/invoke/LambdaForm$MH+0x000001e234385000'
Event: 10.907 Thread 0x000001e21ba21820 Unloading class 0x000001e234384c00 'java/lang/invoke/LambdaForm$MH+0x000001e234384c00'
Event: 10.907 Thread 0x000001e21ba21820 Unloading class 0x000001e234384800 'java/lang/invoke/LambdaForm$MH+0x000001e234384800'
Event: 10.907 Thread 0x000001e21ba21820 Unloading class 0x000001e234384000 'java/lang/invoke/LambdaForm$MH+0x000001e234384000'
Event: 10.907 Thread 0x000001e21ba21820 Unloading class 0x000001e234383c00 'java/lang/invoke/LambdaForm$MH+0x000001e234383c00'
Event: 10.907 Thread 0x000001e21ba21820 Unloading class 0x000001e234383800 'java/lang/invoke/LambdaForm$MH+0x000001e234383800'
Event: 10.907 Thread 0x000001e21ba21820 Unloading class 0x000001e234383400 'java/lang/invoke/LambdaForm$MH+0x000001e234383400'
Event: 10.907 Thread 0x000001e21ba21820 Unloading class 0x000001e234382c00 'java/lang/invoke/LambdaForm$MH+0x000001e234382c00'
Event: 10.907 Thread 0x000001e21ba21820 Unloading class 0x000001e234382800 'java/lang/invoke/LambdaForm$MH+0x000001e234382800'
Event: 10.907 Thread 0x000001e21ba21820 Unloading class 0x000001e234382400 'java/lang/invoke/LambdaForm$MH+0x000001e234382400'
Event: 10.907 Thread 0x000001e21ba21820 Unloading class 0x000001e234382000 'java/lang/invoke/LambdaForm$MH+0x000001e234382000'
Event: 10.907 Thread 0x000001e21ba21820 Unloading class 0x000001e234381c00 'java/lang/invoke/LambdaForm$MH+0x000001e234381c00'
Event: 10.907 Thread 0x000001e21ba21820 Unloading class 0x000001e234381400 'java/lang/invoke/LambdaForm$MH+0x000001e234381400'
Event: 10.907 Thread 0x000001e21ba21820 Unloading class 0x000001e234381800 'java/lang/invoke/LambdaForm$MH+0x000001e234381800'
Event: 10.907 Thread 0x000001e21ba21820 Unloading class 0x000001e234380c00 'java/lang/invoke/LambdaForm$DMH+0x000001e234380c00'
Event: 10.907 Thread 0x000001e21ba21820 Unloading class 0x000001e234380800 'java/lang/invoke/LambdaForm$DMH+0x000001e234380800'
Event: 10.907 Thread 0x000001e21ba21820 Unloading class 0x000001e234380400 'java/lang/invoke/LambdaForm$DMH+0x000001e234380400'

Classes redefined (0 events):
No events

Internal exceptions (20 events):
Event: 14.011 Thread 0x000001e27c4aee10 Exception <a 'java/lang/NoSuchMethodError'{0x00000000d5652fb8}: 'int java.lang.invoke.DirectMethodHandle$Holder.invokeSpecialIFC(java.lang.Object, java.lang.Object, java.lang.Object)'> (0x00000000d5652fb8) 
thrown [s\src\hotspot\share\interpreter\linkResolver.cpp, line 773]
Event: 14.152 Thread 0x000001e27c4aee10 Exception <a 'java/io/FileNotFoundException'{0x00000000d58543b8}> (0x00000000d58543b8) 
thrown [s\src\hotspot\share\prims\jni.cpp, line 520]
Event: 14.152 Thread 0x000001e27c4aee10 Exception <a 'java/io/FileNotFoundException'{0x00000000d5855660}> (0x00000000d5855660) 
thrown [s\src\hotspot\share\prims\jni.cpp, line 520]
Event: 14.519 Thread 0x000001e27c4aee10 Exception <a 'java/io/FileNotFoundException'{0x00000000d5d69378}> (0x00000000d5d69378) 
thrown [s\src\hotspot\share\prims\jni.cpp, line 520]
Event: 14.519 Thread 0x000001e27c4aee10 Exception <a 'java/io/FileNotFoundException'{0x00000000d5d6bc50}> (0x00000000d5d6bc50) 
thrown [s\src\hotspot\share\prims\jni.cpp, line 520]
Event: 14.520 Thread 0x000001e27c4aee10 Exception <a 'java/io/FileNotFoundException'{0x00000000d5d6c9b8}> (0x00000000d5d6c9b8) 
thrown [s\src\hotspot\share\prims\jni.cpp, line 520]
Event: 15.158 Thread 0x000001e27c4ae0f0 Exception <a 'java/lang/NoSuchMethodError'{0x00000000d6459e40}: 'java.lang.Object java.lang.invoke.DirectMethodHandle$Holder.invokeStatic(java.lang.Object, java.lang.Object, int, int)'> (0x00000000d6459e40) 
thrown [s\src\hotspot\share\interpreter\linkResolver.cpp, line 773]
Event: 15.159 Thread 0x000001e27c4ae0f0 Exception <a 'java/lang/NoSuchMethodError'{0x00000000d645e150}: 'java.lang.Object java.lang.invoke.DirectMethodHandle$Holder.invokeSpecial(java.lang.Object, java.lang.Object, java.lang.Object, int, int)'> (0x00000000d645e150) 
thrown [s\src\hotspot\share\interpreter\linkResolver.cpp, line 773]
Event: 15.415 Thread 0x000001e27c4ae0f0 Implicit null exception at 0x000001e226a90344 to 0x000001e226a90954
Event: 15.771 Thread 0x000001e27c4ae0f0 Exception <a 'java/lang/NoSuchMethodError'{0x00000000d5770af0}: 'void java.lang.invoke.DelegatingMethodHandle$Holder.reinvoke_L(java.lang.Object, java.lang.Object, java.lang.Object, int, java.lang.Object, int, int)'> (0x00000000d5770af0) 
thrown [s\src\hotspot\share\interpreter\linkResolver.cpp, line 773]
Event: 22.039 Thread 0x000001e27c4ae0f0 Exception <a 'java/lang/ClassNotFoundException'{0x00000000d5e3a7e8}: sun/util/logging/resources/spi/loggingProvider> (0x00000000d5e3a7e8) 
thrown [s\src\hotspot\share\classfile\systemDictionary.cpp, line 312]
Event: 22.045 Thread 0x000001e27c4ae0f0 Exception <a 'java/lang/IncompatibleClassChangeError'{0x00000000d5e78ee0}: Found class java.lang.Object, but interface was expected> (0x00000000d5e78ee0) 
thrown [s\src\hotspot\share\interpreter\linkResolver.cpp, line 840]
Event: 22.095 Thread 0x000001e27c4ada60 Exception <a 'java/lang/ArrayIndexOutOfBoundsException'{0x00000000d6007820}: Index 1132 out of bounds for length 1131> (0x00000000d6007820) 
thrown [s\src\hotspot\share\interpreter\interpreterRuntime.cpp, line 439]
Event: 22.106 Thread 0x000001e27c4af4a0 Exception <a 'java/lang/ArrayIndexOutOfBoundsException'{0x00000000d605bda0}: Index 1132 out of bounds for length 1131> (0x00000000d605bda0) 
thrown [s\src\hotspot\share\interpreter\interpreterRuntime.cpp, line 439]
Event: 22.683 Thread 0x000001e27b2a7320 Implicit null exception at 0x000001e226c897c0 to 0x000001e226c8a4c4
Event: 22.869 Thread 0x000001e27b2a7320 Exception <a 'java/lang/NoSuchMethodError'{0x00000000d6acffc8}: 'int java.lang.invoke.Invokers$Holder.invokeExact_MT(java.lang.Object, java.lang.Object)'> (0x00000000d6acffc8) 
thrown [s\src\hotspot\share\interpreter\linkResolver.cpp, line 773]
Event: 23.769 Thread 0x000001e27b2a7320 Implicit null exception at 0x000001e226d67632 to 0x000001e226d6911c
Event: 23.848 Thread 0x000001e27b2a7320 Exception <a 'java/lang/NoSuchMethodError'{0x00000000d563e520}: 'void java.lang.invoke.DirectMethodHandle$Holder.invokeVirtual(java.lang.Object, java.lang.Object, java.lang.Object, java.lang.Object, java.lang.Object)'> (0x00000000d563e520) 
thrown [s\src\hotspot\share\interpreter\linkResolver.cpp, line 773]
Event: 23.869 Thread 0x000001e27b2a7320 Exception <a 'java/lang/NoSuchMethodError'{0x00000000d56e7990}: 'java.lang.Object java.lang.invoke.DirectMethodHandle$Holder.invokeStatic(java.lang.Object, java.lang.Object, int, java.lang.Object, java.lang.Object)'> (0x00000000d56e7990) 
thrown [s\src\hotspot\share\interpreter\linkResolver.cpp, line 773]
Event: 32.348 Thread 0x000001e27b2a7320 Implicit null exception at 0x000001e226ed83b0 to 0x000001e226ede464

ZGC Phase Switch (0 events):
No events

VM Operations (20 events):
Event: 34.779 Executing VM operation: ParallelGCFailedAllocation (Allocation Failure)
Event: 34.782 Executing VM operation: ParallelGCFailedAllocation (Allocation Failure) done
Event: 34.800 Executing VM operation: ParallelGCFailedAllocation (Allocation Failure)
Event: 34.803 Executing VM operation: ParallelGCFailedAllocation (Allocation Failure) done
Event: 34.969 Executing VM operation: ParallelGCFailedAllocation (Allocation Failure)
Event: 34.972 Executing VM operation: ParallelGCFailedAllocation (Allocation Failure) done
Event: 34.984 Executing VM operation: ParallelGCFailedAllocation (Allocation Failure)
Event: 34.987 Executing VM operation: ParallelGCFailedAllocation (Allocation Failure) done
Event: 35.004 Executing VM operation: ParallelGCFailedAllocation (Allocation Failure)
Event: 35.006 Executing VM operation: ParallelGCFailedAllocation (Allocation Failure) done
Event: 35.034 Executing VM operation: ParallelGCFailedAllocation (Allocation Failure)
Event: 35.036 Executing VM operation: ParallelGCFailedAllocation (Allocation Failure) done
Event: 35.049 Executing VM operation: ParallelGCFailedAllocation (Allocation Failure)
Event: 35.051 Executing VM operation: ParallelGCFailedAllocation (Allocation Failure) done
Event: 35.064 Executing VM operation: ParallelGCFailedAllocation (Allocation Failure)
Event: 35.068 Executing VM operation: ParallelGCFailedAllocation (Allocation Failure) done
Event: 35.078 Executing VM operation: ParallelGCFailedAllocation (Allocation Failure)
Event: 35.080 Executing VM operation: ParallelGCFailedAllocation (Allocation Failure) done
Event: 35.106 Executing VM operation: ParallelGCFailedAllocation (Allocation Failure)
Event: 35.108 Executing VM operation: ParallelGCFailedAllocation (Allocation Failure) done

Memory protections (0 events):
No events

Nmethod flushes (20 events):
Event: 10.923 Thread 0x000001e21ba21820 flushing  nmethod 0x000001e21f0d2a10
Event: 10.923 Thread 0x000001e21ba21820 flushing  nmethod 0x000001e21f0d2e90
Event: 10.923 Thread 0x000001e21ba21820 flushing  nmethod 0x000001e21f0d3210
Event: 10.923 Thread 0x000001e21ba21820 flushing  nmethod 0x000001e21f0d3710
Event: 10.923 Thread 0x000001e21ba21820 flushing  nmethod 0x000001e21f0d6210
Event: 10.923 Thread 0x000001e21ba21820 flushing  nmethod 0x000001e21f0d6610
Event: 10.923 Thread 0x000001e21ba21820 flushing  nmethod 0x000001e21f0d8390
Event: 10.923 Thread 0x000001e21ba21820 flushing  nmethod 0x000001e21f0d9c10
Event: 10.923 Thread 0x000001e21ba21820 flushing  nmethod 0x000001e21f0da390
Event: 10.923 Thread 0x000001e21ba21820 flushing  nmethod 0x000001e21f0db110
Event: 10.923 Thread 0x000001e21ba21820 flushing  nmethod 0x000001e21f0db490
Event: 10.923 Thread 0x000001e21ba21820 flushing  nmethod 0x000001e21f0dd890
Event: 10.923 Thread 0x000001e21ba21820 flushing  nmethod 0x000001e21f0e0910
Event: 10.923 Thread 0x000001e21ba21820 flushing  nmethod 0x000001e21f109590
Event: 10.923 Thread 0x000001e21ba21820 flushing  nmethod 0x000001e21f10d510
Event: 10.923 Thread 0x000001e21ba21820 flushing  nmethod 0x000001e21f10d890
Event: 10.923 Thread 0x000001e21ba21820 flushing  nmethod 0x000001e21f138290
Event: 10.923 Thread 0x000001e21ba21820 flushing  nmethod 0x000001e21f138b10
Event: 10.923 Thread 0x000001e21ba21820 flushing  nmethod 0x000001e21f138f10
Event: 10.923 Thread 0x000001e21ba21820 flushing  nmethod 0x000001e21f153a90

Events (20 events):
Event: 8.690 Thread 0x000001e27c4ae0f0 Thread added: 0x000001e27c4ada60
Event: 8.696 Thread 0x000001e27c4ae0f0 Thread added: 0x000001e27c4b0850
Event: 8.698 Thread 0x000001e27c4ae0f0 Thread added: 0x000001e27c4b01c0
Event: 8.845 Thread 0x000001e27b3c89e0 Thread exited: 0x000001e27b3c89e0
Event: 8.949 Thread 0x000001e232aeb520 Thread added: 0x000001e27b3c89e0
Event: 9.106 Thread 0x000001e232aeb520 Thread added: 0x000001e27cd55fe0
Event: 11.170 Thread 0x000001e27cd55fe0 Thread exited: 0x000001e27cd55fe0
Event: 11.214 Thread 0x000001e27b3c89e0 Thread exited: 0x000001e27b3c89e0
Event: 12.476 Thread 0x000001e232abfa10 Thread added: 0x000001e27cd55fe0
Event: 13.399 Thread 0x000001e232aeb520 Thread added: 0x000001e27b8a98a0
Event: 15.623 Thread 0x000001e27b8a98a0 Thread exited: 0x000001e27b8a98a0
Event: 16.093 Thread 0x000001e232aeb520 Thread added: 0x000001e27bdd08b0
Event: 17.222 Thread 0x000001e27bdd08b0 Thread exited: 0x000001e27bdd08b0
Event: 19.323 Thread 0x000001e27cd55fe0 Thread exited: 0x000001e27cd55fe0
Event: 19.682 Thread 0x000001e232aeb520 Thread added: 0x000001e27bdd1d20
Event: 22.044 Thread 0x000001e232aeb520 Thread added: 0x000001e27bdd23f0
Event: 22.654 Thread 0x000001e27bdd1d20 Thread exited: 0x000001e27bdd1d20
Event: 22.654 Thread 0x000001e27bdd23f0 Thread exited: 0x000001e27bdd23f0
Event: 22.674 Thread 0x000001e232aeb520 Thread added: 0x000001e27bdd3190
Event: 23.090 Thread 0x000001e232aeb520 Thread added: 0x000001e27bdd3860


Dynamic libraries:
0x00007ff74a5a0000 - 0x00007ff74a5ae000 	c:\Users\LOQ\.vscode\extensions\redhat.java-1.47.0-win32-x64\jre\21.0.8-win32-x86_64\bin\java.exe
0x00007ffaac9a0000 - 0x00007ffaacc08000 	C:\WINDOWS\SYSTEM32\ntdll.dll
0x00007ffaaa950000 - 0x00007ffaaaa19000 	C:\WINDOWS\System32\KERNEL32.DLL
0x00007ffaa9e20000 - 0x00007ffaaa212000 	C:\WINDOWS\System32\KERNELBASE.dll
0x00007ffaaa620000 - 0x00007ffaaa76b000 	C:\WINDOWS\System32\ucrtbase.dll
0x00007ffaa4390000 - 0x00007ffaa43a8000 	c:\Users\LOQ\.vscode\extensions\redhat.java-1.47.0-win32-x64\jre\21.0.8-win32-x86_64\bin\jli.dll
0x00007ffaab3c0000 - 0x00007ffaab585000 	C:\WINDOWS\System32\USER32.dll
0x00007ffaa9d60000 - 0x00007ffaa9d87000 	C:\WINDOWS\System32\win32u.dll
0x00007ffaac2f0000 - 0x00007ffaac31b000 	C:\WINDOWS\System32\GDI32.dll
0x00007ffaaa3a0000 - 0x00007ffaaa4cd000 	C:\WINDOWS\System32\gdi32full.dll
0x00007ffa928f0000 - 0x00007ffa9290e000 	c:\Users\LOQ\.vscode\extensions\redhat.java-1.47.0-win32-x64\jre\21.0.8-win32-x86_64\bin\VCRUNTIME140.dll
0x00007ffaaa570000 - 0x00007ffaaa613000 	C:\WINDOWS\System32\msvcp_win.dll
0x00007ffa8e250000 - 0x00007ffa8e4e3000 	C:\WINDOWS\WinSxS\amd64_microsoft.windows.common-controls_6595b64144ccf1df_6.0.26100.6899_none_3e0efeeae32e88c1\COMCTL32.dll
0x00007ffaac560000 - 0x00007ffaac609000 	C:\WINDOWS\System32\msvcrt.dll
0x00007ffaabed0000 - 0x00007ffaabeff000 	C:\WINDOWS\System32\IMM32.DLL
0x00007ffaa1760000 - 0x00007ffaa176c000 	c:\Users\LOQ\.vscode\extensions\redhat.java-1.47.0-win32-x64\jre\21.0.8-win32-x86_64\bin\vcruntime140_1.dll
0x00007ffa908e0000 - 0x00007ffa9096d000 	c:\Users\LOQ\.vscode\extensions\redhat.java-1.47.0-win32-x64\jre\21.0.8-win32-x86_64\bin\msvcp140.dll
0x00007ffa2c4f0000 - 0x00007ffa2d287000 	c:\Users\LOQ\.vscode\extensions\redhat.java-1.47.0-win32-x64\jre\21.0.8-win32-x86_64\bin\server\jvm.dll
0x00007ffaab5c0000 - 0x00007ffaab674000 	C:\WINDOWS\System32\ADVAPI32.dll
0x00007ffaac420000 - 0x00007ffaac4c6000 	C:\WINDOWS\System32\sechost.dll
0x00007ffaaaa20000 - 0x00007ffaaab38000 	C:\WINDOWS\System32\RPCRT4.dll
0x00007ffaac820000 - 0x00007ffaac894000 	C:\WINDOWS\System32\WS2_32.dll
0x00007ffaa97f0000 - 0x00007ffaa984e000 	C:\WINDOWS\SYSTEM32\POWRPROF.dll
0x00007ffa9c840000 - 0x00007ffa9c875000 	C:\WINDOWS\SYSTEM32\WINMM.dll
0x00007ffaa25b0000 - 0x00007ffaa25bb000 	C:\WINDOWS\SYSTEM32\VERSION.dll
0x00007ffaa97d0000 - 0x00007ffaa97e4000 	C:\WINDOWS\SYSTEM32\UMPDC.dll
0x00007ffaa8900000 - 0x00007ffaa891b000 	C:\WINDOWS\SYSTEM32\kernel.appcore.dll
0x00007ffa92870000 - 0x00007ffa9287a000 	c:\Users\LOQ\.vscode\extensions\redhat.java-1.47.0-win32-x64\jre\21.0.8-win32-x86_64\bin\jimage.dll
0x00007ffaa6f80000 - 0x00007ffaa71c2000 	C:\WINDOWS\SYSTEM32\DBGHELP.DLL
0x00007ffaabf10000 - 0x00007ffaac28b000 	C:\WINDOWS\System32\combase.dll
0x00007ffaab2d0000 - 0x00007ffaab3a7000 	C:\WINDOWS\System32\OLEAUT32.dll
0x00007ffa8e7f0000 - 0x00007ffa8e82c000 	C:\WINDOWS\SYSTEM32\dbgcore.DLL
0x00007ffaaa4d0000 - 0x00007ffaaa568000 	C:\WINDOWS\System32\bcryptPrimitives.dll
0x00007ffa92860000 - 0x00007ffa9286f000 	c:\Users\LOQ\.vscode\extensions\redhat.java-1.47.0-win32-x64\jre\21.0.8-win32-x86_64\bin\instrument.dll
0x00007ffa92710000 - 0x00007ffa9272f000 	c:\Users\LOQ\.vscode\extensions\redhat.java-1.47.0-win32-x64\jre\21.0.8-win32-x86_64\bin\java.dll
0x00007ffaab680000 - 0x00007ffaabdcd000 	C:\WINDOWS\System32\SHELL32.dll
0x00007ffaa9b30000 - 0x00007ffaa9c9b000 	C:\WINDOWS\System32\wintypes.dll
0x00007ffaa7750000 - 0x00007ffaa7fad000 	C:\WINDOWS\SYSTEM32\windows.storage.dll
0x00007ffaac320000 - 0x00007ffaac412000 	C:\WINDOWS\System32\SHCORE.dll
0x00007ffaab260000 - 0x00007ffaab2c2000 	C:\WINDOWS\System32\shlwapi.dll
0x00007ffaa9a50000 - 0x00007ffaa9a79000 	C:\WINDOWS\SYSTEM32\profapi.dll
0x00007ffa91340000 - 0x00007ffa91358000 	c:\Users\LOQ\.vscode\extensions\redhat.java-1.47.0-win32-x64\jre\21.0.8-win32-x86_64\bin\zip.dll
0x00007ffa92850000 - 0x00007ffa92860000 	C:\Users\LOQ\.vscode\extensions\redhat.java-1.47.0-win32-x64\jre\21.0.8-win32-x86_64\bin\net.dll
0x00007ffaa1b70000 - 0x00007ffaa1c8f000 	C:\WINDOWS\SYSTEM32\WINHTTP.dll
0x00007ffaa8e70000 - 0x00007ffaa8edb000 	C:\WINDOWS\system32\mswsock.dll
0x00007ffa926f0000 - 0x00007ffa92706000 	C:\Users\LOQ\.vscode\extensions\redhat.java-1.47.0-win32-x64\jre\21.0.8-win32-x86_64\bin\nio.dll
0x00007ffa92520000 - 0x00007ffa92530000 	c:\Users\LOQ\.vscode\extensions\redhat.java-1.47.0-win32-x64\jre\21.0.8-win32-x86_64\bin\verify.dll
0x00007ffa90600000 - 0x00007ffa90644000 	C:\Users\LOQ\AppData\Roaming\Code\User\globalStorage\redhat.java\1.47.0\config_ss_win\org.eclipse.equinox.launcher\org.eclipse.equinox.launcher.win32.win32.x86_64_1.2.1400.v20250801-0854\eclipse_11916.dll
0x00007ffaab070000 - 0x00007ffaab208000 	C:\WINDOWS\System32\ole32.dll
0x00007ffaa9120000 - 0x00007ffaa913b000 	C:\WINDOWS\SYSTEM32\CRYPTSP.dll
0x00007ffaa8860000 - 0x00007ffaa889b000 	C:\WINDOWS\system32\rsaenh.dll
0x00007ffaa8f10000 - 0x00007ffaa8f3b000 	C:\WINDOWS\SYSTEM32\USERENV.dll
0x00007ffaa9a20000 - 0x00007ffaa9a46000 	C:\WINDOWS\SYSTEM32\bcrypt.dll
0x00007ffaa9140000 - 0x00007ffaa914c000 	C:\WINDOWS\SYSTEM32\CRYPTBASE.dll
0x00007ffaa82e0000 - 0x00007ffaa8314000 	C:\WINDOWS\SYSTEM32\IPHLPAPI.DLL
0x00007ffaac690000 - 0x00007ffaac69a000 	C:\WINDOWS\System32\NSI.dll
0x00007ffa90560000 - 0x00007ffa905a9000 	C:\Users\LOQ\AppData\Local\Temp\jna-75566\jna3760358959045618222.dll
0x00007ffaab3b0000 - 0x00007ffaab3b8000 	C:\WINDOWS\System32\PSAPI.DLL
0x00007ffaa35e0000 - 0x00007ffaa35fe000 	C:\WINDOWS\SYSTEM32\dhcpcsvc6.DLL
0x00007ffaa32e0000 - 0x00007ffaa3303000 	C:\WINDOWS\SYSTEM32\dhcpcsvc.DLL

JVMTI agents:
c:\Users\LOQ\.vscode\extensions\redhat.java-1.47.0-win32-x64\lombok\lombok-1.18.39-4050.jar path:c:\Users\LOQ\.vscode\extensions\redhat.java-1.47.0-win32-x64\jre\21.0.8-win32-x86_64\bin\instrument.dll, loaded, initialized, instrumentlib options:none

dbghelp: loaded successfully - version: 4.0.5 - missing functions: none
symbol engine: initialized successfully - sym options: 0x614 - pdb path: .;c:\Users\LOQ\.vscode\extensions\redhat.java-1.47.0-win32-x64\jre\21.0.8-win32-x86_64\bin;C:\WINDOWS\SYSTEM32;C:\WINDOWS\WinSxS\amd64_microsoft.windows.common-controls_6595b64144ccf1df_6.0.26100.6899_none_3e0efeeae32e88c1;c:\Users\LOQ\.vscode\extensions\redhat.java-1.47.0-win32-x64\jre\21.0.8-win32-x86_64\bin\server;C:\Users\LOQ\AppData\Roaming\Code\User\globalStorage\redhat.java\1.47.0\config_ss_win\org.eclipse.equinox.launcher\org.eclipse.equinox.launcher.win32.win32.x86_64_1.2.1400.v20250801-0854;C:\Users\LOQ\AppData\Local\Temp\jna-75566

VM Arguments:
jvm_args: --add-modules=ALL-SYSTEM --add-opens=java.base/java.util=ALL-UNNAMED --add-opens=java.base/java.lang=ALL-UNNAMED --add-opens=java.base/sun.nio.fs=ALL-UNNAMED -Declipse.application=org.eclipse.jdt.ls.core.id1 -Dosgi.bundles.defaultStartLevel=4 -Declipse.product=org.eclipse.jdt.ls.core.product -Djava.import.generatesMetadataFilesAtProjectRoot=false -DDetectVMInstallationsJob.disabled=true -Dfile.encoding=utf8 -XX:+UseParallelGC -XX:GCTimeRatio=4 -XX:AdaptiveSizePolicyWeight=90 -Dsun.zip.disableMemoryMapping=true -Xmx2G -Xms100m -Xlog:disable -javaagent:c:\Users\LOQ\.vscode\extensions\redhat.java-1.47.0-win32-x64\lombok\lombok-1.18.39-4050.jar 
java_command: c:\Users\LOQ\.vscode\extensions\redhat.java-1.47.0-win32-x64\server\plugins\org.eclipse.equinox.launcher_1.7.100.v20251014-1222.jar -configuration c:\Users\LOQ\AppData\Roaming\Code\User\globalStorage\redhat.java\1.47.0\config_ss_win -data c:\Users\LOQ\AppData\Roaming\Code\User\workspaceStorage\a7a39547a06a3b6109950431f82cb49c\redhat.java\ss_ws --pipe=\\.\pipe\lsp-08d121d5b5051daf2bc1a99216d9d687-sock
java_class_path (initial): c:\Users\LOQ\.vscode\extensions\redhat.java-1.47.0-win32-x64\server\plugins\org.eclipse.equinox.launcher_1.7.100.v20251014-1222.jar
Launcher Type: SUN_STANDARD

[Global flags]
    uintx AdaptiveSizePolicyWeight                 = 90                                        {product} {command line}
     intx CICompilerCount                          = 4                                         {product} {ergonomic}
    uintx GCTimeRatio                              = 4                                         {product} {command line}
   size_t InitialHeapSize                          = 104857600                                 {product} {command line}
   size_t MaxHeapSize                              = 2147483648                                {product} {command line}
   size_t MaxNewSize                               = 715653120                                 {product} {ergonomic}
   size_t MinHeapDeltaBytes                        = 524288                                    {product} {ergonomic}
   size_t MinHeapSize                              = 104857600                                 {product} {command line}
   size_t NewSize                                  = 34603008                                  {product} {ergonomic}
    uintx NonNMethodCodeHeapSize                   = 5839372                                {pd product} {ergonomic}
    uintx NonProfiledCodeHeapSize                  = 122909434                              {pd product} {ergonomic}
   size_t OldSize                                  = 70254592                                  {product} {ergonomic}
    uintx ProfiledCodeHeapSize                     = 122909434                              {pd product} {ergonomic}
    uintx ReservedCodeCacheSize                    = 251658240                              {pd product} {ergonomic}
     bool SegmentedCodeCache                       = true                                      {product} {ergonomic}
   size_t SoftMaxHeapSize                          = 2147483648                             {manageable} {ergonomic}
     bool UseCompressedOops                        = true                           {product lp64_product} {ergonomic}
     bool UseLargePagesIndividualAllocation        = false                                  {pd product} {ergonomic}
     bool UseParallelGC                            = true                                      {product} {command line}

Logging:
Log output configuration:
 #0: stdout all=off uptime,level,tags foldmultilines=false
 #1: stderr all=off uptime,level,tags foldmultilines=false

Environment Variables:
PATH=C:\Users\LOQ\AppData\Local\Programs\Python\Python313\Scripts\;C:\Users\LOQ\AppData\Local\Programs\Python\Python313\;C:\Program Files (x86)\Common Files\Intel\Shared Libraries\redist\intel64\compiler;C:\Program Files\Common Files\Oracle\Java\javapath;C:\WINDOWS\system32;C:\WINDOWS;C:\WINDOWS\System32\Wbem;C:\WINDOWS\System32\WindowsPowerShell\v1.0\;C:\WINDOWS\System32\OpenSSH\;C:\Program Files (x86)\NVIDIA Corporation\PhysX\Common;C:\Program Files\NVIDIA Corporation\NVIDIA NvDLISR;C:\Users\LOQ\Downloads\apache-maven-3.9.9-bin\apache-maven-3.9.9\bin;C:\Program Files\Git\cmd;C:\Program Files\nodejs\;C:\ProgramData\chocolatey\bin;C:\Program Files\Maven\apache-maven-3.9.11-bin\bin;C:\flutter\bin;C:\Program Files (x86)\Microsoft SQL Server\160\DTS\Binn\;C:\Program Files (x86)\Microsoft SQL Server\160\Tools\Binn\;C:\Program Files\Microsoft SQL Server\160\Tools\Binn\;C:\Program Files\Microsoft SQL Server\Client SDK\ODBC\170\Tools\Binn\;C:\Program Files\Microsoft SQL Server\160\DTS\Binn\;C:\Users\LOQ\AppData\Local\Microsoft\WindowsApps;C:\Users\LOQ\AppData\Local\Programs\Microsoft VS Code\bin;C:\Users\LOQ\AppData\Local\GitHubDesktop\bin;D:\src\flutter_windows_3.29.2-stable\flutter\bin;C:\Users\LOQ\AppData\Roaming\npm;C:\flutter\bin;
USERNAME=LOQ
OS=Windows_NT
PROCESSOR_IDENTIFIER=AMD64 Family 25 Model 68 Stepping 1, AuthenticAMD
TMP=C:\Users\LOQ\AppData\Local\Temp
TEMP=C:\Users\LOQ\AppData\Local\Temp




Periodic native trim disabled

---------------  S Y S T E M  ---------------

OS:
 Windows 11 , 64 bit Build 26100 (10.0.26100.6725)
OS uptime: 0 days 1:08 hours
Hyper-V role detected

CPU: total 8 (initial active 8) (8 cores per cpu, 2 threads per core) family 25 model 68 stepping 1 microcode 0xa404105, cx8, cmov, fxsr, ht, mmx, 3dnowpref, sse, sse2, sse3, ssse3, sse4a, sse4.1, sse4.2, popcnt, lzcnt, tsc, tscinvbit, avx, avx2, aes, erms, clmul, bmi1, bmi2, adx, sha, fma, vzeroupper, clflush, clflushopt, hv, rdtscp, rdpid, fsrm, f16c, cet_ss
Processor Information for processor 0
  Max Mhz: 3201, Current Mhz: 2560, Mhz Limit: 3201
Processor Information for processor 1
  Max Mhz: 3201, Current Mhz: 2560, Mhz Limit: 3201
Processor Information for processor 2
  Max Mhz: 3201, Current Mhz: 2560, Mhz Limit: 3201
Processor Information for processor 3
  Max Mhz: 3201, Current Mhz: 2560, Mhz Limit: 3201
Processor Information for processor 4
  Max Mhz: 3201, Current Mhz: 3201, Mhz Limit: 3201
Processor Information for processor 5
  Max Mhz: 3201, Current Mhz: 2560, Mhz Limit: 3201
Processor Information for processor 6
  Max Mhz: 3201, Current Mhz: 2560, Mhz Limit: 3201
Processor Information for processor 7
  Max Mhz: 3201, Current Mhz: 2560, Mhz Limit: 3201

Memory: 4k page, system-wide physical 11972M (1161M free)
TotalPageFile size 31343M (AvailPageFile size 22M)
current process WorkingSet (physical memory assigned to process): 414M, peak: 430M
current process commit charge ("private bytes"): 480M, peak: 1666M

vm_info: OpenJDK 64-Bit Server VM (21.0.8+9-LTS) for windows-amd64 JRE (21.0.8+9-LTS), built on 2025-07-15T00:00:00Z by "admin" with MS VC++ 17.7 (VS2022)

END.
